// Jest Snapshot v1, https://goo.gl/fbAQLP

exports[`App snapshot initial render 1`] = `
<div>
  Hello world
</div>
`;
